[dharmanandanjewellers.bytecard.in/index.html]
[dharmanandanjewellers.bytecard.in/_next/static/media/206f6b9e769800f2-s.p.woff2]
[dharmanandanjewellers.bytecard.in/_next/static/media/2325a4bcfbcfad32-s.p.woff2]
[dharmanandanjewellers.bytecard.in/_next/static/media/f2c10bd9fb114f7e-s.p.woff2]
[bytebiz.fra1.cdn.digitaloceanspaces.com/byte-qr/5454/mini-web/86481751025392205.jpg]
[bytebiz.fra1.cdn.digitaloceanspaces.com/byte-qr/5454/mini-web/94541751025366286.jpg]
[bytebiz.fra1.cdn.digitaloceanspaces.com/byte-qr/5454/mini-web/52271751025450402.jpg]
[dharmanandanjewellers.bytecard.in/_next/static/css/5d6a46dadfc84a1b.css]
[dharmanandanjewellers.bytecard.in/_next/static/css/9eba69d77386cb6f.css]
[dharmanandanjewellers.bytecard.in/_next/static/chunks/webpack-110ca58ced499fad.js]
[dharmanandanjewellers.bytecard.in/_next/static/chunks/fd9d1056-b1bb0b198b36bc77.js]
[dharmanandanjewellers.bytecard.in/_next/static/chunks/69-456ebada8ae73af7.js]
[dharmanandanjewellers.bytecard.in/_next/static/chunks/main-app-211c41536461e7b5.js]
[dharmanandanjewellers.bytecard.in/_next/static/chunks/123-b8b8e7367f819f70.js]
[dharmanandanjewellers.bytecard.in/_next/static/chunks/app/layout-59d228d15f8c817c.js]
[dharmanandanjewellers.bytecard.in/_next/static/chunks/776-cb1655a63aa46a0b.js]
[dharmanandanjewellers.bytecard.in/_next/static/chunks/app/error-4ebae52303d7eefb.js]
[dharmanandanjewellers.bytecard.in/_next/static/chunks/4e6af11a-64eade7aee1e9f6f.js]
[dharmanandanjewellers.bytecard.in/_next/static/chunks/160b575a-1c4ff8dda26610b7.js]
[dharmanandanjewellers.bytecard.in/_next/static/chunks/975-1c0997fee2a238bc.js]
[dharmanandanjewellers.bytecard.in/_next/static/chunks/908-59ad984b2b09ee14.js]
[dharmanandanjewellers.bytecard.in/_next/static/chunks/990-f7551e3f5d3a2f8b.js]
[dharmanandanjewellers.bytecard.in/_next/static/chunks/648-367a23904d52504c.js]
[dharmanandanjewellers.bytecard.in/_next/static/chunks/698-591448ce1cf40c03.js]
[dharmanandanjewellers.bytecard.in/_next/static/chunks/75-69a898ddfdf912b4.js]
[dharmanandanjewellers.bytecard.in/_next/static/chunks/664-a0b8a2c9de0237ea.js]
[dharmanandanjewellers.bytecard.in/_next/static/chunks/683-b35c8a47bf3dfff8.js]
[backblue.gif]
[fade.gif]
[index.html]
[dharmanandanjewellers.bytecard.in/_next/static/chunks/app/page-2ed832bd86ad609b.js]
[bytebiz.fra1.cdn.digitaloceanspaces.com/byte-qr/5454/mini-web/27571750914689107.jpg]
[cdnjs.cloudflare.com/ajax/libs/font-awesome/6.4.0/css/all.min.css]
[dharmanandanjewellers.bytecard.in/_next/static/chunks/polyfills-c67a75d1b6f99dc8.js]
[dharmanandanjewellers.bytecard.in/_next/callaa9d.png]
[dharmanandanjewellers.bytecard.in/_next/whatsapp95c9.png]
[dharmanandanjewellers.bytecard.in/_next/mapsfe1c.png]
[dharmanandanjewellers.bytecard.in/_next/share205d.png]
[dharmanandanjewellers.bytecard.in/_next/static/media/call.6f157b7e.png]
[dharmanandanjewellers.bytecard.in/_next/static/media/whatsapp.3f7773a8.png]
[dharmanandanjewellers.bytecard.in/_next/static/media/maps.712c9b7a.png]
[dharmanandanjewellers.bytecard.in/_next/static/media/share.9b9f90c5.png]
[bytebiz.fra1.cdn.digitaloceanspaces.com/byte-qr/5454/mini-web/77041751024467618.jpg]
[bytebiz.fra1.cdn.digitaloceanspaces.com/byte-qr/5454/mini-web/72021751024474273.jpg]
[bytebiz.fra1.cdn.digitaloceanspaces.com/byte-qr/5454/mini-web/18261751024479411.jpg]
[dharmanandanjewellers.bytecard.in/products/all/7105.html]
[bytebiz.fra1.cdn.digitaloceanspaces.com/byte-qr/5454/mini-web/36231751024931546.jpg]
[bytebiz.fra1.cdn.digitaloceanspaces.com/byte-qr/5454/mini-web/58731751024915103.jpg]
[bytebiz.fra1.cdn.digitaloceanspaces.com/byte-qr/5454/mini-web/76991751024940192.jpg]
[dharmanandanjewellers.bytecard.in/certificates/all/2146.html]
[img.youtube.com/vi/HJL2zPxlJZ0/hqdefault.jpg]
[img.youtube.com/vi/hgXly6jGQBk/hqdefault.jpg]
[img.youtube.com/vi/_ttgMaDd_W4/hqdefault.jpg]
[dharmanandanjewellers.bytecard.in/videos/all/1099/you-tube.html]
[dharmanandanjewellers.bytecard.in/_next/static/media/instagram.9dbf40c2.png]
[dharmanandanjewellers.bytecard.in/_next/static/media/youtube.0ed7b3d9.png]
[dharmanandanjewellers.bytecard.in/_next/static/media/website.ce02e19e.png]
[bytebiz.fra1.cdn.digitaloceanspaces.com/byte-qr/5454/mini-web/13751750915019962.jpg]
[bytebiz.fra1.cdn.digitaloceanspaces.com/byte-qr/5454/mini-web/69121751025223565.jpg]
[bytebiz.fra1.cdn.digitaloceanspaces.com/byte-qr/5454/mini-web/42291751024495643.jpg]
[bytebiz.fra1.cdn.digitaloceanspaces.com/byte-qr/5454/mini-web/63841751024501262.jpg]
[bytebiz.fra1.cdn.digitaloceanspaces.com/byte-qr/5454/mini-web/51271751024696640.jpg]
[bytebiz.fra1.cdn.digitaloceanspaces.com/byte-qr/5454/mini-web/66961751024716928.jpg]
[bytebiz.fra1.cdn.digitaloceanspaces.com/byte-qr/5454/mini-web/30151751024487339.jpg]
[bytebiz.fra1.cdn.digitaloceanspaces.com/byte-qr/5454/mini-web/79061751024770613.jpg]
[dharmanandanjewellers.bytecard.in/index.html]
[dharmanandanjewellers.bytecard.in/_next/static/chunks/app/(pages)/products/all/[...product]/error-c044e3c5c3dc9676.js]
[dharmanandanjewellers.bytecard.in/products/all/7105.html]
[dharmanandanjewellers.bytecard.in/_next/static/chunks/app/(pages)/products/all/[...product]/page-ba94747b23851eab.js]
[dharmanandanjewellers.bytecard.in/_next/static/chunks/app/(pages)/certificates/all/[certificate]/error-7049fececf8d87e8.js]
[dharmanandanjewellers.bytecard.in/_next/static/chunks/app/(pages)/certificates/all/[certificate]/page-6cc9947db2cfff0d.js]
[bytebiz.fra1.cdn.digitaloceanspaces.com/byte-qr/5454/mini-web/78901751024996577.jpg]
[bytebiz.fra1.cdn.digitaloceanspaces.com/byte-qr/5454/mini-web/46071751024926854.jpg]
[bytebiz.fra1.cdn.digitaloceanspaces.com/byte-qr/5454/mini-web/43981751024983880.jpg]
[bytebiz.fra1.cdn.digitaloceanspaces.com/byte-qr/5454/mini-web/88461751025012182.jpg]
[bytebiz.fra1.cdn.digitaloceanspaces.com/byte-qr/5454/mini-web/58381751024990801.jpg]
[bytebiz.fra1.cdn.digitaloceanspaces.com/byte-qr/5454/mini-web/81261751025002894.jpg]
[bytebiz.fra1.cdn.digitaloceanspaces.com/byte-qr/5454/mini-web/28801751025018217.jpg]
[bytebiz.fra1.cdn.digitaloceanspaces.com/byte-qr/5454/mini-web/65891751025049375.jpg]
[bytebiz.fra1.cdn.digitaloceanspaces.com/byte-qr/5454/mini-web/77351751025054817.jpg]
[bytebiz.fra1.cdn.digitaloceanspaces.com/byte-qr/5454/mini-web/95381751025060726.jpg]
[bytebiz.fra1.cdn.digitaloceanspaces.com/byte-qr/5454/mini-web/78011751025066855.jpg]
[bytebiz.fra1.cdn.digitaloceanspaces.com/byte-qr/5454/mini-web/67951751025072216.jpg]
[bytebiz.fra1.cdn.digitaloceanspaces.com/byte-qr/5454/mini-web/28601751025077552.jpg]
[bytebiz.fra1.cdn.digitaloceanspaces.com/byte-qr/5454/mini-web/45641751025111512.jpg]
[bytebiz.fra1.cdn.digitaloceanspaces.com/byte-qr/5454/mini-web/10571751025116630.jpg]
[bytebiz.fra1.cdn.digitaloceanspaces.com/byte-qr/5454/mini-web/30681751025122076.jpg]
[bytebiz.fra1.cdn.digitaloceanspaces.com/byte-qr/5454/mini-web/85281751025130047.jpg]
[bytebiz.fra1.cdn.digitaloceanspaces.com/byte-qr/5454/mini-web/35741751025138137.jpg]
[bytebiz.fra1.cdn.digitaloceanspaces.com/byte-qr/5454/mini-web/78521751025146397.jpg]
[bytebiz.fra1.cdn.digitaloceanspaces.com/byte-qr/5454/mini-web/80031751025186863.jpg]
[bytebiz.fra1.cdn.digitaloceanspaces.com/byte-qr/5454/mini-web/67991751025191674.jpg]
[dharmanandanjewellers.bytecard.in/certificates/all/2146.html]
[dharmanandanjewellers.bytecard.in/_next/static/chunks/app/(pages)/videos/all/[...video]/error-6ea62a7981903ae7.js]
[dharmanandanjewellers.bytecard.in/_next/static/chunks/app/(pages)/videos/all/[...video]/page-2a11e06f3f7d1605.js]
[img.youtube.com/vi/KdsALCmWcF0/hqdefault.jpg]
[img.youtube.com/vi/jkRVldnQqkY/hqdefault.jpg]
[img.youtube.com/vi/hx3GOfC386s/hqdefault.jpg]
[img.youtube.com/vi/ZE7ofbL-g5o/hqdefault.jpg]
[img.youtube.com/vi/sWUyr00dEi4/hqdefault.jpg]
[img.youtube.com/vi/Z-vK7LDq9sc/hqdefault.jpg]
[img.youtube.com/vi/p3DUCOOluvc/hqdefault.jpg]
[img.youtube.com/vi/XUf2KmljZLA/hqdefault.jpg]
[img.youtube.com/vi/JGUP7zcHfFk/hqdefault.jpg]
[img.youtube.com/vi/57K8T02SRow/hqdefault.jpg]
[img.youtube.com/vi/G9ljpI79xNQ/hqdefault.jpg]
[img.youtube.com/vi/adLCwyz6WNU/hqdefault.jpg]
[img.youtube.com/vi/llk-GY5PA60/hqdefault.jpg]
[img.youtube.com/vi/L6_qhzMqQ3Q/hqdefault.jpg]
[img.youtube.com/vi/t1RfLcfEF3A/hqdefault.jpg]
[img.youtube.com/vi/GF58rI1f_FQ/hqdefault.jpg]
[img.youtube.com/vi/CVxqWSILbiw/hqdefault.jpg]
[img.youtube.com/vi/t94Zxhaahu4/hqdefault.jpg]
[img.youtube.com/vi/EnIxDMcTlTQ/hqdefault.jpg]
[img.youtube.com/vi/tqKTbyrPHIg/hqdefault.jpg]
[img.youtube.com/vi/lDDfx5cg-8Q/hqdefault.jpg]
[img.youtube.com/vi/Z-T6RgCg0yI/hqdefault.jpg]
[dharmanandanjewellers.bytecard.in/videos/all/1099/you-tube.html]
[bytebiz.fra1.cdn.digitaloceanspaces.com/byte-qr/5454/mini-web/86481751025392205.jpg]
[bytebiz.fra1.cdn.digitaloceanspaces.com/byte-qr/5454/mini-web/94541751025366286.jpg]
[bytebiz.fra1.cdn.digitaloceanspaces.com/byte-qr/5454/mini-web/52271751025450402.jpg]
[dharmanandanjewellers.bytecard.in/_next/static/media/f2c10bd9fb114f7e-s.p.woff2]
[dharmanandanjewellers.bytecard.in/_next/static/chunks/webpack-110ca58ced499fad.js]
[dharmanandanjewellers.bytecard.in/_next/static/css/5d6a46dadfc84a1b.css]
[dharmanandanjewellers.bytecard.in/_next/static/chunks/fd9d1056-b1bb0b198b36bc77.js]
[dharmanandanjewellers.bytecard.in/_next/static/chunks/69-456ebada8ae73af7.js]
[dharmanandanjewellers.bytecard.in/_next/static/chunks/123-b8b8e7367f819f70.js]
[dharmanandanjewellers.bytecard.in/_next/static/chunks/776-cb1655a63aa46a0b.js]
[dharmanandanjewellers.bytecard.in/_next/static/media/poppins-black.b3f9b21c.woff2]
[dharmanandanjewellers.bytecard.in/_next/static/chunks/4e6af11a-64eade7aee1e9f6f.js]
[dharmanandanjewellers.bytecard.in/_next/static/chunks/160b575a-1c4ff8dda26610b7.js]
[dharmanandanjewellers.bytecard.in/_next/static/chunks/975-1c0997fee2a238bc.js]
[dharmanandanjewellers.bytecard.in/_next/static/chunks/908-59ad984b2b09ee14.js]
[dharmanandanjewellers.bytecard.in/_next/static/chunks/990-f7551e3f5d3a2f8b.js]
[dharmanandanjewellers.bytecard.in/_next/static/chunks/648-367a23904d52504c.js]
[dharmanandanjewellers.bytecard.in/_next/static/chunks/698-591448ce1cf40c03.js]
[dharmanandanjewellers.bytecard.in/_next/static/media/poppins-bold.8001a01b.ttf]
[dharmanandanjewellers.bytecard.in/_next/static/media/poppins-medium.2325a4bc.woff2]
[dharmanandanjewellers.bytecard.in/_next/static/chunks/75-69a898ddfdf912b4.js]
[dharmanandanjewellers.bytecard.in/_next/static/chunks/664-a0b8a2c9de0237ea.js]
[dharmanandanjewellers.bytecard.in/_next/static/chunks/683-b35c8a47bf3dfff8.js]
[dharmanandanjewellers.bytecard.in/_next/static/chunks/app/page-2ed832bd86ad609b.js]
[bytebiz.fra1.cdn.digitaloceanspaces.com/byte-qr/5454/mini-web/27571750914689107.jpg]
[bytebiz.fra1.cdn.digitaloceanspaces.com/byte-qr/5454/mini-web/77041751024467618.jpg]
[bytebiz.fra1.cdn.digitaloceanspaces.com/byte-qr/5454/mini-web/72021751024474273.jpg]
[bytebiz.fra1.cdn.digitaloceanspaces.com/byte-qr/5454/mini-web/18261751024479411.jpg]
[dharmanandanjewellers.bytecard.in/_next/static/media/poppins-medium.a52d0bf0.ttf]
[dharmanandanjewellers.bytecard.in/_next/static/chunks/polyfills-c67a75d1b6f99dc8.js]
[dharmanandanjewellers.bytecard.in/_next/static/media/poppins-regular.206f6b9e.woff2]
[dharmanandanjewellers.bytecard.in/_next/static/css/9eba69d77386cb6f.css]
[bytebiz.fra1.cdn.digitaloceanspaces.com/byte-qr/5454/mini-web/58731751024915103.jpg]
[bytebiz.fra1.cdn.digitaloceanspaces.com/byte-qr/5454/mini-web/76991751024940192.jpg]
[bytebiz.fra1.cdn.digitaloceanspaces.com/byte-qr/5454/mini-web/69121751025223565.jpg]
[bytebiz.fra1.cdn.digitaloceanspaces.com/byte-qr/5454/mini-web/42291751024495643.jpg]
[dharmanandanjewellers.bytecard.in/_next/static/media/poppins-regular.4b4ebe20.ttf]
[bytebiz.fra1.cdn.digitaloceanspaces.com/byte-qr/5454/mini-web/63841751024501262.jpg]
[cdnjs.cloudflare.com/ajax/libs/font-awesome/6.4.0/css/all.min.css]
[bytebiz.fra1.cdn.digitaloceanspaces.com/byte-qr/5454/mini-web/51271751024696640.jpg]
[bytebiz.fra1.cdn.digitaloceanspaces.com/byte-qr/5454/mini-web/66961751024716928.jpg]
[bytebiz.fra1.cdn.digitaloceanspaces.com/byte-qr/5454/mini-web/30151751024487339.jpg]
[dharmanandanjewellers.bytecard.in/_next/callaa9d.png]
[dharmanandanjewellers.bytecard.in/_next/static/chunks/app/(pages)/products/all/[...product]/page-ba94747b23851eab.js]
[bytebiz.fra1.cdn.digitaloceanspaces.com/byte-qr/5454/mini-web/78901751024996577.jpg]
[bytebiz.fra1.cdn.digitaloceanspaces.com/byte-qr/5454/mini-web/46071751024926854.jpg]
[bytebiz.fra1.cdn.digitaloceanspaces.com/byte-qr/5454/mini-web/43981751024983880.jpg]
[dharmanandanjewellers.bytecard.in/products/all/7105.html]
[bytebiz.fra1.cdn.digitaloceanspaces.com/byte-qr/5454/mini-web/58381751024990801.jpg]
[dharmanandanjewellers.bytecard.in/certificates/all/2146.html]
[bytebiz.fra1.cdn.digitaloceanspaces.com/byte-qr/5454/mini-web/81261751025002894.jpg]
[bytebiz.fra1.cdn.digitaloceanspaces.com/byte-qr/5454/mini-web/28801751025018217.jpg]
[bytebiz.fra1.cdn.digitaloceanspaces.com/byte-qr/5454/mini-web/65891751025049375.jpg]
[img.youtube.com/vi/HJL2zPxlJZ0/hqdefault.jpg]
[bytebiz.fra1.cdn.digitaloceanspaces.com/byte-qr/5454/mini-web/77351751025054817.jpg]
[bytebiz.fra1.cdn.digitaloceanspaces.com/byte-qr/5454/mini-web/95381751025060726.jpg]
[img.youtube.com/vi/hgXly6jGQBk/hqdefault.jpg]
[bytebiz.fra1.cdn.digitaloceanspaces.com/byte-qr/5454/mini-web/78011751025066855.jpg]
[bytebiz.fra1.cdn.digitaloceanspaces.com/byte-qr/5454/mini-web/67951751025072216.jpg]
[bytebiz.fra1.cdn.digitaloceanspaces.com/byte-qr/5454/mini-web/45641751025111512.jpg]
[bytebiz.fra1.cdn.digitaloceanspaces.com/byte-qr/5454/mini-web/10571751025116630.jpg]
[bytebiz.fra1.cdn.digitaloceanspaces.com/byte-qr/5454/mini-web/85281751025130047.jpg]
[bytebiz.fra1.cdn.digitaloceanspaces.com/byte-qr/5454/mini-web/35741751025138137.jpg]
[bytebiz.fra1.cdn.digitaloceanspaces.com/byte-qr/5454/mini-web/80031751025186863.jpg]
[dharmanandanjewellers.bytecard.in/_next/static/chunks/app/(pages)/certificates/all/[certificate]/page-6cc9947db2cfff0d.js]
[dharmanandanjewellers.bytecard.in/_next/static/chunks/app/(pages)/videos/all/[...video]/page-2a11e06f3f7d1605.js]
[img.youtube.com/vi/KdsALCmWcF0/hqdefault.jpg]
[img.youtube.com/vi/jkRVldnQqkY/hqdefault.jpg]
[img.youtube.com/vi/hx3GOfC386s/hqdefault.jpg]
[img.youtube.com/vi/ZE7ofbL-g5o/hqdefault.jpg]
[img.youtube.com/vi/sWUyr00dEi4/hqdefault.jpg]
[img.youtube.com/vi/Z-vK7LDq9sc/hqdefault.jpg]
[img.youtube.com/vi/XUf2KmljZLA/hqdefault.jpg]
[img.youtube.com/vi/adLCwyz6WNU/hqdefault.jpg]
[img.youtube.com/vi/EnIxDMcTlTQ/hqdefault.jpg]
[img.youtube.com/vi/tqKTbyrPHIg/hqdefault.jpg]
[img.youtube.com/vi/Z-T6RgCg0yI/hqdefault.jpg]
